ipex flag is deprecated, will be removed in Accelerate v1.10. From 2.7.0, PyTorch has all needed optimizations for Intel CPU and XPU.
[W804 20:53:10.179739203 Utils.hpp:136] Warning: Environment variable NCCL_ASYNC_ERROR_HANDLING is deprecated; use TORCH_NCCL_ASYNC_ERROR_HANDLING instead (function operator())
[W804 20:53:10.179741323 Utils.hpp:136] Warning: Environment variable NCCL_ASYNC_ERROR_HANDLING is deprecated; use TORCH_NCCL_ASYNC_ERROR_HANDLING instead (function operator())
[W804 20:53:10.179736732 Utils.hpp:136] Warning: Environment variable NCCL_ASYNC_ERROR_HANDLING is deprecated; use TORCH_NCCL_ASYNC_ERROR_HANDLING instead (function operator())
[W804 20:53:10.179741931 Utils.hpp:136] Warning: Environment variable NCCL_ASYNC_ERROR_HANDLING is deprecated; use TORCH_NCCL_ASYNC_ERROR_HANDLING instead (function operator())
Detected kernel version 4.18.0, which is below the recommended minimum of 5.5.0; this can cause the process to hang. It is recommended to upgrade the kernel to the minimum version or higher.
wandb: Tracking run with wandb version 0.21.0
wandb: W&B syncing is set to `offline` in this directory. Run `wandb online` or set WANDB_MODE=online to enable cloud syncing.
[rank2]:[W804 20:53:13.121859967 ProcessGroupNCCL.cpp:4561] [PG ID 0 PG GUID 0 Rank 2]  using GPU 2 to perform barrier as devices used by this process are currently unknown. This can potentially cause a hang if this rank to GPU mapping is incorrect. Specify device_ids in barrier() to force use of a particular device, or call init_process_group() with a device_id.
[rank1]:[W804 20:53:13.121865655 ProcessGroupNCCL.cpp:4561] [PG ID 0 PG GUID 0 Rank 1]  using GPU 1 to perform barrier as devices used by this process are currently unknown. This can potentially cause a hang if this rank to GPU mapping is incorrect. Specify device_ids in barrier() to force use of a particular device, or call init_process_group() with a device_id.
[rank3]:[W804 20:53:13.122040740 ProcessGroupNCCL.cpp:4561] [PG ID 0 PG GUID 0 Rank 3]  using GPU 3 to perform barrier as devices used by this process are currently unknown. This can potentially cause a hang if this rank to GPU mapping is incorrect. Specify device_ids in barrier() to force use of a particular device, or call init_process_group() with a device_id.
[rank0]:[W804 20:53:13.838425735 ProcessGroupNCCL.cpp:4561] [PG ID 0 PG GUID 0 Rank 0]  using GPU 0 to perform barrier as devices used by this process are currently unknown. This can potentially cause a hang if this rank to GPU mapping is incorrect. Specify device_ids in barrier() to force use of a particular device, or call init_process_group() with a device_id.
Traceback (most recent call last):
  File "/leonardo_work/EUHPC_A06_067/OLMoE-ILSP/SimilarityMoE/moe_sft.py", line 597, in <module>
    main()
  File "/leonardo_work/EUHPC_A06_067/OLMoE-ILSP/SimilarityMoE/moe_sft.py", line 227, in main
    PartialState().wait_for_everyone()
  File "/leonardo_work/EUHPC_A06_067/.conda/envs/moe/lib/python3.10/site-packages/accelerate/state.py", line 403, in wait_for_everyone
    torch.distributed.barrier()
  File "/leonardo_work/EUHPC_A06_067/.conda/envs/moe/lib/python3.10/site-packages/torch/distributed/c10d_logger.py", line 81, in wrapper
    return func(*args, **kwargs)
  File "/leonardo_work/EUHPC_A06_067/.conda/envs/moe/lib/python3.10/site-packages/torch/distributed/distributed_c10d.py", line 4551, in barrier
    work = group.barrier(opts=opts)
torch.distributed.DistBackendError: NCCL error in: /pytorch/torch/csrc/distributed/c10d/ProcessGroupNCCL.cpp:2588, internal error - please report this issue to the NCCL developers, NCCL version 2.21.5
ncclInternalError: Internal check failed.
Last error:
Bootstrap : no socket interface found
[rank0]: Traceback (most recent call last):
[rank0]:   File "/leonardo_work/EUHPC_A06_067/OLMoE-ILSP/SimilarityMoE/moe_sft.py", line 597, in <module>
[rank0]:     main()
[rank0]:   File "/leonardo_work/EUHPC_A06_067/OLMoE-ILSP/SimilarityMoE/moe_sft.py", line 227, in main
[rank0]:     PartialState().wait_for_everyone()
[rank0]:   File "/leonardo_work/EUHPC_A06_067/.conda/envs/moe/lib/python3.10/site-packages/accelerate/state.py", line 403, in wait_for_everyone
[rank0]:     torch.distributed.barrier()
[rank0]:   File "/leonardo_work/EUHPC_A06_067/.conda/envs/moe/lib/python3.10/site-packages/torch/distributed/c10d_logger.py", line 81, in wrapper
[rank0]:     return func(*args, **kwargs)
[rank0]:   File "/leonardo_work/EUHPC_A06_067/.conda/envs/moe/lib/python3.10/site-packages/torch/distributed/distributed_c10d.py", line 4551, in barrier
[rank0]:     work = group.barrier(opts=opts)
[rank0]: torch.distributed.DistBackendError: NCCL error in: /pytorch/torch/csrc/distributed/c10d/ProcessGroupNCCL.cpp:2588, internal error - please report this issue to the NCCL developers, NCCL version 2.21.5
[rank0]: ncclInternalError: Internal check failed.
[rank0]: Last error:
[rank0]: Bootstrap : no socket interface found
W0804 20:53:24.951000 3086722 site-packages/torch/distributed/elastic/multiprocessing/api.py:897] Sending process 3087029 closing signal SIGTERM
W0804 20:53:25.016000 3086722 site-packages/torch/distributed/elastic/multiprocessing/api.py:897] Sending process 3087030 closing signal SIGTERM
W0804 20:53:25.016000 3086722 site-packages/torch/distributed/elastic/multiprocessing/api.py:897] Sending process 3087031 closing signal SIGTERM
E0804 20:53:25.795000 3086722 site-packages/torch/distributed/elastic/multiprocessing/api.py:869] failed (exitcode: 1) local_rank: 0 (pid: 3087028) of binary: /leonardo_work/EUHPC_A06_067/.conda/envs/moe/bin/python3.10
Traceback (most recent call last):
  File "/leonardo_work/EUHPC_A06_067/.conda/envs/moe/bin/accelerate", line 8, in <module>
    sys.exit(main())
  File "/leonardo_work/EUHPC_A06_067/.conda/envs/moe/lib/python3.10/site-packages/accelerate/commands/accelerate_cli.py", line 50, in main
    args.func(args)
  File "/leonardo_work/EUHPC_A06_067/.conda/envs/moe/lib/python3.10/site-packages/accelerate/commands/launch.py", line 1190, in launch_command
    multi_gpu_launcher(args)
  File "/leonardo_work/EUHPC_A06_067/.conda/envs/moe/lib/python3.10/site-packages/accelerate/commands/launch.py", line 815, in multi_gpu_launcher
    distrib_run.run(args)
  File "/leonardo_work/EUHPC_A06_067/.conda/envs/moe/lib/python3.10/site-packages/torch/distributed/run.py", line 909, in run
    elastic_launch(
  File "/leonardo_work/EUHPC_A06_067/.conda/envs/moe/lib/python3.10/site-packages/torch/distributed/launcher/api.py", line 138, in __call__
    return launch_agent(self._config, self._entrypoint, list(args))
  File "/leonardo_work/EUHPC_A06_067/.conda/envs/moe/lib/python3.10/site-packages/torch/distributed/launcher/api.py", line 269, in launch_agent
    raise ChildFailedError(
torch.distributed.elastic.multiprocessing.errors.ChildFailedError: 
============================================================
moe_sft.py FAILED
------------------------------------------------------------
Failures:
  <NO_OTHER_FAILURES>
------------------------------------------------------------
Root Cause (first observed failure):
[0]:
  time      : 2025-08-04_20:53:24
  host      : lrdn0522.leonardo.local
  rank      : 0 (local_rank: 0)
  exitcode  : 1 (pid: 3087028)
  error_file: <N/A>
  traceback : To enable traceback see: https://pytorch.org/docs/stable/elastic/errors.html
============================================================
